Archive member included to satisfy reference by file (symbol)

/private/var/folders/nd/95n05jsj20g63nqfm1vz_vkm0000gn/T/arduino/cores/arduino_samd_mkrwifi1010_51b685d58ac095114e1a263ef8786823/core.a(cortex_handlers.c.o)
                              (Reset_Handler)
/private/var/folders/nd/95n05jsj20g63nqfm1vz_vkm0000gn/T/arduino/cores/arduino_samd_mkrwifi1010_51b685d58ac095114e1a263ef8786823/core.a(delay.c.o)
                              /private/var/folders/nd/95n05jsj20g63nqfm1vz_vkm0000gn/T/arduino/cores/arduino_samd_mkrwifi1010_51b685d58ac095114e1a263ef8786823/core.a(cortex_handlers.c.o) (SysTick_DefaultHandler)
/private/var/folders/nd/95n05jsj20g63nqfm1vz_vkm0000gn/T/arduino/cores/arduino_samd_mkrwifi1010_51b685d58ac095114e1a263ef8786823/core.a(hooks.c.o)
                              /private/var/folders/nd/95n05jsj20g63nqfm1vz_vkm0000gn/T/arduino/cores/arduino_samd_mkrwifi1010_51b685d58ac095114e1a263ef8786823/core.a(delay.c.o) (yield)
/private/var/folders/nd/95n05jsj20g63nqfm1vz_vkm0000gn/T/arduino/cores/arduino_samd_mkrwifi1010_51b685d58ac095114e1a263ef8786823/core.a(startup.c.o)
                              /private/var/folders/nd/95n05jsj20g63nqfm1vz_vkm0000gn/T/arduino/cores/arduino_samd_mkrwifi1010_51b685d58ac095114e1a263ef8786823/core.a(cortex_handlers.c.o) (SystemInit)
/private/var/folders/nd/95n05jsj20g63nqfm1vz_vkm0000gn/T/arduino/cores/arduino_samd_mkrwifi1010_51b685d58ac095114e1a263ef8786823/core.a(wiring.c.o)
                              /private/var/folders/nd/95n05jsj20g63nqfm1vz_vkm0000gn/T/arduino/cores/arduino_samd_mkrwifi1010_51b685d58ac095114e1a263ef8786823/core.a(startup.c.o) (SystemCoreClock)
/private/var/folders/nd/95n05jsj20g63nqfm1vz_vkm0000gn/T/arduino/cores/arduino_samd_mkrwifi1010_51b685d58ac095114e1a263ef8786823/core.a(wiring_analog.c.o)
                              /private/var/folders/nd/95n05jsj20g63nqfm1vz_vkm0000gn/T/arduino/cores/arduino_samd_mkrwifi1010_51b685d58ac095114e1a263ef8786823/core.a(wiring.c.o) (analogReference)
/private/var/folders/nd/95n05jsj20g63nqfm1vz_vkm0000gn/T/arduino/cores/arduino_samd_mkrwifi1010_51b685d58ac095114e1a263ef8786823/core.a(wiring_digital.c.o)
                              /private/var/folders/nd/95n05jsj20g63nqfm1vz_vkm0000gn/T/arduino/cores/arduino_samd_mkrwifi1010_51b685d58ac095114e1a263ef8786823/core.a(wiring.c.o) (pinMode)
/private/var/folders/nd/95n05jsj20g63nqfm1vz_vkm0000gn/T/arduino/cores/arduino_samd_mkrwifi1010_51b685d58ac095114e1a263ef8786823/core.a(wiring_private.c.o)
                              /private/var/folders/nd/95n05jsj20g63nqfm1vz_vkm0000gn/T/arduino/cores/arduino_samd_mkrwifi1010_51b685d58ac095114e1a263ef8786823/core.a(wiring_analog.c.o) (pinPeripheral)
/private/var/folders/nd/95n05jsj20g63nqfm1vz_vkm0000gn/T/arduino/cores/arduino_samd_mkrwifi1010_51b685d58ac095114e1a263ef8786823/core.a(Reset.cpp.o)
                              /private/var/folders/nd/95n05jsj20g63nqfm1vz_vkm0000gn/T/arduino/cores/arduino_samd_mkrwifi1010_51b685d58ac095114e1a263ef8786823/core.a(delay.c.o) (tickReset)
/Users/emilpriv/Library/Arduino15/packages/arduino/tools/arm-none-eabi-gcc/7-2017q4/bin/../lib/gcc/arm-none-eabi/7.2.1/thumb/v6-m/libgcc.a(_thumb1_case_uqi.o)
                              /private/var/folders/nd/95n05jsj20g63nqfm1vz_vkm0000gn/T/arduino/cores/arduino_samd_mkrwifi1010_51b685d58ac095114e1a263ef8786823/core.a(wiring_analog.c.o) (__gnu_thumb1_case_uqi)
/Users/emilpriv/Library/Arduino15/packages/arduino/tools/arm-none-eabi-gcc/7-2017q4/bin/../lib/gcc/arm-none-eabi/7.2.1/thumb/v6-m/libgcc.a(_udivsi3.o)
                              /private/var/folders/nd/95n05jsj20g63nqfm1vz_vkm0000gn/T/arduino/cores/arduino_samd_mkrwifi1010_51b685d58ac095114e1a263ef8786823/core.a(delay.c.o) (__aeabi_uidiv)
/Users/emilpriv/Library/Arduino15/packages/arduino/tools/arm-none-eabi-gcc/7-2017q4/bin/../lib/gcc/arm-none-eabi/7.2.1/thumb/v6-m/libgcc.a(_dvmd_tls.o)
                              /Users/emilpriv/Library/Arduino15/packages/arduino/tools/arm-none-eabi-gcc/7-2017q4/bin/../lib/gcc/arm-none-eabi/7.2.1/thumb/v6-m/libgcc.a(_udivsi3.o) (__aeabi_idiv0)
/Users/emilpriv/Library/Arduino15/packages/arduino/tools/arm-none-eabi-gcc/7-2017q4/bin/../lib/gcc/arm-none-eabi/7.2.1/../../../../arm-none-eabi/lib/thumb/v6-m/libc_nano.a(lib_a-exit.o)
                              /Users/emilpriv/Library/Arduino15/packages/arduino/tools/arm-none-eabi-gcc/7-2017q4/bin/../lib/gcc/arm-none-eabi/7.2.1/../../../../arm-none-eabi/lib/thumb/v6-m/crt0.o (exit)
/Users/emilpriv/Library/Arduino15/packages/arduino/tools/arm-none-eabi-gcc/7-2017q4/bin/../lib/gcc/arm-none-eabi/7.2.1/../../../../arm-none-eabi/lib/thumb/v6-m/libc_nano.a(lib_a-impure.o)
                              /Users/emilpriv/Library/Arduino15/packages/arduino/tools/arm-none-eabi-gcc/7-2017q4/bin/../lib/gcc/arm-none-eabi/7.2.1/../../../../arm-none-eabi/lib/thumb/v6-m/libc_nano.a(lib_a-exit.o) (_global_impure_ptr)
/Users/emilpriv/Library/Arduino15/packages/arduino/tools/arm-none-eabi-gcc/7-2017q4/bin/../lib/gcc/arm-none-eabi/7.2.1/../../../../arm-none-eabi/lib/thumb/v6-m/libc_nano.a(lib_a-init.o)
                              /Users/emilpriv/Library/Arduino15/packages/arduino/tools/arm-none-eabi-gcc/7-2017q4/bin/../lib/gcc/arm-none-eabi/7.2.1/../../../../arm-none-eabi/lib/thumb/v6-m/crt0.o (__libc_init_array)
/Users/emilpriv/Library/Arduino15/packages/arduino/tools/arm-none-eabi-gcc/7-2017q4/bin/../lib/gcc/arm-none-eabi/7.2.1/../../../../arm-none-eabi/lib/thumb/v6-m/libc_nano.a(lib_a-memcpy-stub.o)
                              /private/var/folders/nd/95n05jsj20g63nqfm1vz_vkm0000gn/T/arduino/cores/arduino_samd_mkrwifi1010_51b685d58ac095114e1a263ef8786823/core.a(wiring_analog.c.o) (memcpy)
/Users/emilpriv/Library/Arduino15/packages/arduino/tools/arm-none-eabi-gcc/7-2017q4/bin/../lib/gcc/arm-none-eabi/7.2.1/../../../../arm-none-eabi/lib/thumb/v6-m/libc_nano.a(lib_a-memset.o)
                              /Users/emilpriv/Library/Arduino15/packages/arduino/tools/arm-none-eabi-gcc/7-2017q4/bin/../lib/gcc/arm-none-eabi/7.2.1/../../../../arm-none-eabi/lib/thumb/v6-m/crt0.o (memset)
/Users/emilpriv/Library/Arduino15/packages/arduino/tools/arm-none-eabi-gcc/7-2017q4/bin/../lib/gcc/arm-none-eabi/7.2.1/../../../../arm-none-eabi/lib/thumb/v6-m/libnosys.a(_exit.o)
                              /Users/emilpriv/Library/Arduino15/packages/arduino/tools/arm-none-eabi-gcc/7-2017q4/bin/../lib/gcc/arm-none-eabi/7.2.1/../../../../arm-none-eabi/lib/thumb/v6-m/libc_nano.a(lib_a-exit.o) (_exit)

Discarded input sections

 .text          0x0000000000000000        0x0 /Users/emilpriv/Library/Arduino15/packages/arduino/tools/arm-none-eabi-gcc/7-2017q4/bin/../lib/gcc/arm-none-eabi/7.2.1/thumb/v6-m/crti.o
 .data          0x0000000000000000        0x0 /Users/emilpriv/Library/Arduino15/packages/arduino/tools/arm-none-eabi-gcc/7-2017q4/bin/../lib/gcc/arm-none-eabi/7.2.1/thumb/v6-m/crti.o
 .bss           0x0000000000000000        0x0 /Users/emilpriv/Library/Arduino15/packages/arduino/tools/arm-none-eabi-gcc/7-2017q4/bin/../lib/gcc/arm-none-eabi/7.2.1/thumb/v6-m/crti.o
 .data          0x0000000000000000        0x4 /Users/emilpriv/Library/Arduino15/packages/arduino/tools/arm-none-eabi-gcc/7-2017q4/bin/../lib/gcc/arm-none-eabi/7.2.1/thumb/v6-m/crtbegin.o
 .text          0x0000000000000000       0x78 /Users/emilpriv/Library/Arduino15/packages/arduino/tools/arm-none-eabi-gcc/7-2017q4/bin/../lib/gcc/arm-none-eabi/7.2.1/../../../../arm-none-eabi/lib/thumb/v6-m/crt0.o
 .data          0x0000000000000000        0x0 /Users/emilpriv/Library/Arduino15/packages/arduino/tools/arm-none-eabi-gcc/7-2017q4/bin/../lib/gcc/arm-none-eabi/7.2.1/../../../../arm-none-eabi/lib/thumb/v6-m/crt0.o
 .bss           0x0000000000000000        0x0 /Users/emilpriv/Library/Arduino15/packages/arduino/tools/arm-none-eabi-gcc/7-2017q4/bin/../lib/gcc/arm-none-eabi/7.2.1/../../../../arm-none-eabi/lib/thumb/v6-m/crt0.o
 .ARM.extab     0x0000000000000000        0x0 /Users/emilpriv/Library/Arduino15/packages/arduino/tools/arm-none-eabi-gcc/7-2017q4/bin/../lib/gcc/arm-none-eabi/7.2.1/../../../../arm-none-eabi/lib/thumb/v6-m/crt0.o
 .ARM.exidx     0x0000000000000000        0x8 /Users/emilpriv/Library/Arduino15/packages/arduino/tools/arm-none-eabi-gcc/7-2017q4/bin/../lib/gcc/arm-none-eabi/7.2.1/../../../../arm-none-eabi/lib/thumb/v6-m/crt0.o
 .ARM.attributes
                0x0000000000000000       0x1b /Users/emilpriv/Library/Arduino15/packages/arduino/tools/arm-none-eabi-gcc/7-2017q4/bin/../lib/gcc/arm-none-eabi/7.2.1/../../../../arm-none-eabi/lib/thumb/v6-m/crt0.o
 .data          0x0000000000000000        0x0 test.o
 .bss           0x0000000000000000        0x0 test.o
 .text          0x0000000000000000        0x0 /private/var/folders/nd/95n05jsj20g63nqfm1vz_vkm0000gn/T/arduino/cores/arduino_samd_mkrwifi1010_51b685d58ac095114e1a263ef8786823/core.a(cortex_handlers.c.o)
 .data          0x0000000000000000        0x0 /private/var/folders/nd/95n05jsj20g63nqfm1vz_vkm0000gn/T/arduino/cores/arduino_samd_mkrwifi1010_51b685d58ac095114e1a263ef8786823/core.a(cortex_handlers.c.o)
 .bss           0x0000000000000000        0x0 /private/var/folders/nd/95n05jsj20g63nqfm1vz_vkm0000gn/T/arduino/cores/arduino_samd_mkrwifi1010_51b685d58ac095114e1a263ef8786823/core.a(cortex_handlers.c.o)
 .text.USB_SetHandler
                0x0000000000000000        0xc /private/var/folders/nd/95n05jsj20g63nqfm1vz_vkm0000gn/T/arduino/cores/arduino_samd_mkrwifi1010_51b685d58ac095114e1a263ef8786823/core.a(cortex_handlers.c.o)
 .text          0x0000000000000000        0x0 /private/var/folders/nd/95n05jsj20g63nqfm1vz_vkm0000gn/T/arduino/cores/arduino_samd_mkrwifi1010_51b685d58ac095114e1a263ef8786823/core.a(delay.c.o)
 .data          0x0000000000000000        0x0 /private/var/folders/nd/95n05jsj20g63nqfm1vz_vkm0000gn/T/arduino/cores/arduino_samd_mkrwifi1010_51b685d58ac095114e1a263ef8786823/core.a(delay.c.o)
 .bss           0x0000000000000000        0x0 /private/var/folders/nd/95n05jsj20g63nqfm1vz_vkm0000gn/T/arduino/cores/arduino_samd_mkrwifi1010_51b685d58ac095114e1a263ef8786823/core.a(delay.c.o)
 .text.millis   0x0000000000000000        0xc /private/var/folders/nd/95n05jsj20g63nqfm1vz_vkm0000gn/T/arduino/cores/arduino_samd_mkrwifi1010_51b685d58ac095114e1a263ef8786823/core.a(delay.c.o)
 .text.micros   0x0000000000000000       0x60 /private/var/folders/nd/95n05jsj20g63nqfm1vz_vkm0000gn/T/arduino/cores/arduino_samd_mkrwifi1010_51b685d58ac095114e1a263ef8786823/core.a(delay.c.o)
 .text.delay    0x0000000000000000       0x30 /private/var/folders/nd/95n05jsj20g63nqfm1vz_vkm0000gn/T/arduino/cores/arduino_samd_mkrwifi1010_51b685d58ac095114e1a263ef8786823/core.a(delay.c.o)
 .text.resetExternalChip
                0x0000000000000000        0x2 /private/var/folders/nd/95n05jsj20g63nqfm1vz_vkm0000gn/T/arduino/cores/arduino_samd_mkrwifi1010_51b685d58ac095114e1a263ef8786823/core.a(delay.c.o)
 .text.delayMicroseconds
                0x0000000000000000       0x16 /private/var/folders/nd/95n05jsj20g63nqfm1vz_vkm0000gn/T/arduino/cores/arduino_samd_mkrwifi1010_51b685d58ac095114e1a263ef8786823/core.a(delay.c.o)
 .text          0x0000000000000000        0x0 /private/var/folders/nd/95n05jsj20g63nqfm1vz_vkm0000gn/T/arduino/cores/arduino_samd_mkrwifi1010_51b685d58ac095114e1a263ef8786823/core.a(hooks.c.o)
 .data          0x0000000000000000        0x0 /private/var/folders/nd/95n05jsj20g63nqfm1vz_vkm0000gn/T/arduino/cores/arduino_samd_mkrwifi1010_51b685d58ac095114e1a263ef8786823/core.a(hooks.c.o)
 .bss           0x0000000000000000        0x0 /private/var/folders/nd/95n05jsj20g63nqfm1vz_vkm0000gn/T/arduino/cores/arduino_samd_mkrwifi1010_51b685d58ac095114e1a263ef8786823/core.a(hooks.c.o)
 .text.__empty  0x0000000000000000        0x2 /private/var/folders/nd/95n05jsj20g63nqfm1vz_vkm0000gn/T/arduino/cores/arduino_samd_mkrwifi1010_51b685d58ac095114e1a263ef8786823/core.a(hooks.c.o)
 .text.__halt   0x0000000000000000        0x2 /private/var/folders/nd/95n05jsj20g63nqfm1vz_vkm0000gn/T/arduino/cores/arduino_samd_mkrwifi1010_51b685d58ac095114e1a263ef8786823/core.a(hooks.c.o)
 .text          0x0000000000000000        0x0 /private/var/folders/nd/95n05jsj20g63nqfm1vz_vkm0000gn/T/arduino/cores/arduino_samd_mkrwifi1010_51b685d58ac095114e1a263ef8786823/core.a(startup.c.o)
 .data          0x0000000000000000        0x0 /private/var/folders/nd/95n05jsj20g63nqfm1vz_vkm0000gn/T/arduino/cores/arduino_samd_mkrwifi1010_51b685d58ac095114e1a263ef8786823/core.a(startup.c.o)
 .bss           0x0000000000000000        0x0 /private/var/folders/nd/95n05jsj20g63nqfm1vz_vkm0000gn/T/arduino/cores/arduino_samd_mkrwifi1010_51b685d58ac095114e1a263ef8786823/core.a(startup.c.o)
 .text          0x0000000000000000        0x0 /private/var/folders/nd/95n05jsj20g63nqfm1vz_vkm0000gn/T/arduino/cores/arduino_samd_mkrwifi1010_51b685d58ac095114e1a263ef8786823/core.a(wiring.c.o)
 .data          0x0000000000000000        0x0 /private/var/folders/nd/95n05jsj20g63nqfm1vz_vkm0000gn/T/arduino/cores/arduino_samd_mkrwifi1010_51b685d58ac095114e1a263ef8786823/core.a(wiring.c.o)
 .bss           0x0000000000000000        0x0 /private/var/folders/nd/95n05jsj20g63nqfm1vz_vkm0000gn/T/arduino/cores/arduino_samd_mkrwifi1010_51b685d58ac095114e1a263ef8786823/core.a(wiring.c.o)
 .text.init     0x0000000000000000       0xf0 /private/var/folders/nd/95n05jsj20g63nqfm1vz_vkm0000gn/T/arduino/cores/arduino_samd_mkrwifi1010_51b685d58ac095114e1a263ef8786823/core.a(wiring.c.o)
 .text          0x0000000000000000        0x0 /private/var/folders/nd/95n05jsj20g63nqfm1vz_vkm0000gn/T/arduino/cores/arduino_samd_mkrwifi1010_51b685d58ac095114e1a263ef8786823/core.a(wiring_analog.c.o)
 .data          0x0000000000000000        0x0 /private/var/folders/nd/95n05jsj20g63nqfm1vz_vkm0000gn/T/arduino/cores/arduino_samd_mkrwifi1010_51b685d58ac095114e1a263ef8786823/core.a(wiring_analog.c.o)
 .bss           0x0000000000000000        0x0 /private/var/folders/nd/95n05jsj20g63nqfm1vz_vkm0000gn/T/arduino/cores/arduino_samd_mkrwifi1010_51b685d58ac095114e1a263ef8786823/core.a(wiring_analog.c.o)
 .text.mapResolution
                0x0000000000000000       0x12 /private/var/folders/nd/95n05jsj20g63nqfm1vz_vkm0000gn/T/arduino/cores/arduino_samd_mkrwifi1010_51b685d58ac095114e1a263ef8786823/core.a(wiring_analog.c.o)
 .text.analogReadResolution
                0x0000000000000000       0x4c /private/var/folders/nd/95n05jsj20g63nqfm1vz_vkm0000gn/T/arduino/cores/arduino_samd_mkrwifi1010_51b685d58ac095114e1a263ef8786823/core.a(wiring_analog.c.o)
 .text.analogWriteResolution
                0x0000000000000000        0xc /private/var/folders/nd/95n05jsj20g63nqfm1vz_vkm0000gn/T/arduino/cores/arduino_samd_mkrwifi1010_51b685d58ac095114e1a263ef8786823/core.a(wiring_analog.c.o)
 .text.analogReference
                0x0000000000000000       0x64 /private/var/folders/nd/95n05jsj20g63nqfm1vz_vkm0000gn/T/arduino/cores/arduino_samd_mkrwifi1010_51b685d58ac095114e1a263ef8786823/core.a(wiring_analog.c.o)
 .text.analogRead
                0x0000000000000000       0xdc /private/var/folders/nd/95n05jsj20g63nqfm1vz_vkm0000gn/T/arduino/cores/arduino_samd_mkrwifi1010_51b685d58ac095114e1a263ef8786823/core.a(wiring_analog.c.o)
 .text.analogWrite
                0x0000000000000000      0x1d4 /private/var/folders/nd/95n05jsj20g63nqfm1vz_vkm0000gn/T/arduino/cores/arduino_samd_mkrwifi1010_51b685d58ac095114e1a263ef8786823/core.a(wiring_analog.c.o)
 .rodata        0x0000000000000000       0x10 /private/var/folders/nd/95n05jsj20g63nqfm1vz_vkm0000gn/T/arduino/cores/arduino_samd_mkrwifi1010_51b685d58ac095114e1a263ef8786823/core.a(wiring_analog.c.o)
 .bss.tcEnabled.13064
                0x0000000000000000        0x6 /private/var/folders/nd/95n05jsj20g63nqfm1vz_vkm0000gn/T/arduino/cores/arduino_samd_mkrwifi1010_51b685d58ac095114e1a263ef8786823/core.a(wiring_analog.c.o)
 .data._ADCResolution
                0x0000000000000000        0x4 /private/var/folders/nd/95n05jsj20g63nqfm1vz_vkm0000gn/T/arduino/cores/arduino_samd_mkrwifi1010_51b685d58ac095114e1a263ef8786823/core.a(wiring_analog.c.o)
 .data._readResolution
                0x0000000000000000        0x4 /private/var/folders/nd/95n05jsj20g63nqfm1vz_vkm0000gn/T/arduino/cores/arduino_samd_mkrwifi1010_51b685d58ac095114e1a263ef8786823/core.a(wiring_analog.c.o)
 .data._writeResolution
                0x0000000000000000        0x4 /private/var/folders/nd/95n05jsj20g63nqfm1vz_vkm0000gn/T/arduino/cores/arduino_samd_mkrwifi1010_51b685d58ac095114e1a263ef8786823/core.a(wiring_analog.c.o)
 .debug_info    0x0000000000000000     0x4f50 /private/var/folders/nd/95n05jsj20g63nqfm1vz_vkm0000gn/T/arduino/cores/arduino_samd_mkrwifi1010_51b685d58ac095114e1a263ef8786823/core.a(wiring_analog.c.o)
 .debug_abbrev  0x0000000000000000      0x487 /private/var/folders/nd/95n05jsj20g63nqfm1vz_vkm0000gn/T/arduino/cores/arduino_samd_mkrwifi1010_51b685d58ac095114e1a263ef8786823/core.a(wiring_analog.c.o)
 .debug_loc     0x0000000000000000      0x4b9 /private/var/folders/nd/95n05jsj20g63nqfm1vz_vkm0000gn/T/arduino/cores/arduino_samd_mkrwifi1010_51b685d58ac095114e1a263ef8786823/core.a(wiring_analog.c.o)
 .debug_aranges
                0x0000000000000000       0x48 /private/var/folders/nd/95n05jsj20g63nqfm1vz_vkm0000gn/T/arduino/cores/arduino_samd_mkrwifi1010_51b685d58ac095114e1a263ef8786823/core.a(wiring_analog.c.o)
 .debug_ranges  0x0000000000000000       0x98 /private/var/folders/nd/95n05jsj20g63nqfm1vz_vkm0000gn/T/arduino/cores/arduino_samd_mkrwifi1010_51b685d58ac095114e1a263ef8786823/core.a(wiring_analog.c.o)
 .debug_line    0x0000000000000000      0x721 /private/var/folders/nd/95n05jsj20g63nqfm1vz_vkm0000gn/T/arduino/cores/arduino_samd_mkrwifi1010_51b685d58ac095114e1a263ef8786823/core.a(wiring_analog.c.o)
 .debug_str     0x0000000000000000     0x1bfd /private/var/folders/nd/95n05jsj20g63nqfm1vz_vkm0000gn/T/arduino/cores/arduino_samd_mkrwifi1010_51b685d58ac095114e1a263ef8786823/core.a(wiring_analog.c.o)
 .comment       0x0000000000000000       0x7f /private/var/folders/nd/95n05jsj20g63nqfm1vz_vkm0000gn/T/arduino/cores/arduino_samd_mkrwifi1010_51b685d58ac095114e1a263ef8786823/core.a(wiring_analog.c.o)
 .debug_frame   0x0000000000000000       0x90 /private/var/folders/nd/95n05jsj20g63nqfm1vz_vkm0000gn/T/arduino/cores/arduino_samd_mkrwifi1010_51b685d58ac095114e1a263ef8786823/core.a(wiring_analog.c.o)
 .ARM.attributes
                0x0000000000000000       0x32 /private/var/folders/nd/95n05jsj20g63nqfm1vz_vkm0000gn/T/arduino/cores/arduino_samd_mkrwifi1010_51b685d58ac095114e1a263ef8786823/core.a(wiring_analog.c.o)
 .text          0x0000000000000000        0x0 /private/var/folders/nd/95n05jsj20g63nqfm1vz_vkm0000gn/T/arduino/cores/arduino_samd_mkrwifi1010_51b685d58ac095114e1a263ef8786823/core.a(wiring_digital.c.o)
 .data          0x0000000000000000        0x0 /private/var/folders/nd/95n05jsj20g63nqfm1vz_vkm0000gn/T/arduino/cores/arduino_samd_mkrwifi1010_51b685d58ac095114e1a263ef8786823/core.a(wiring_digital.c.o)
 .bss           0x0000000000000000        0x0 /private/var/folders/nd/95n05jsj20g63nqfm1vz_vkm0000gn/T/arduino/cores/arduino_samd_mkrwifi1010_51b685d58ac095114e1a263ef8786823/core.a(wiring_digital.c.o)
 .text.pinMode  0x0000000000000000       0x98 /private/var/folders/nd/95n05jsj20g63nqfm1vz_vkm0000gn/T/arduino/cores/arduino_samd_mkrwifi1010_51b685d58ac095114e1a263ef8786823/core.a(wiring_digital.c.o)
 .text.digitalWrite
                0x0000000000000000       0x58 /private/var/folders/nd/95n05jsj20g63nqfm1vz_vkm0000gn/T/arduino/cores/arduino_samd_mkrwifi1010_51b685d58ac095114e1a263ef8786823/core.a(wiring_digital.c.o)
 .text.digitalRead
                0x0000000000000000       0x30 /private/var/folders/nd/95n05jsj20g63nqfm1vz_vkm0000gn/T/arduino/cores/arduino_samd_mkrwifi1010_51b685d58ac095114e1a263ef8786823/core.a(wiring_digital.c.o)
 .debug_info    0x0000000000000000     0x185a /private/var/folders/nd/95n05jsj20g63nqfm1vz_vkm0000gn/T/arduino/cores/arduino_samd_mkrwifi1010_51b685d58ac095114e1a263ef8786823/core.a(wiring_digital.c.o)
 .debug_abbrev  0x0000000000000000      0x339 /private/var/folders/nd/95n05jsj20g63nqfm1vz_vkm0000gn/T/arduino/cores/arduino_samd_mkrwifi1010_51b685d58ac095114e1a263ef8786823/core.a(wiring_digital.c.o)
 .debug_loc     0x0000000000000000       0xc0 /private/var/folders/nd/95n05jsj20g63nqfm1vz_vkm0000gn/T/arduino/cores/arduino_samd_mkrwifi1010_51b685d58ac095114e1a263ef8786823/core.a(wiring_digital.c.o)
 .debug_aranges
                0x0000000000000000       0x30 /private/var/folders/nd/95n05jsj20g63nqfm1vz_vkm0000gn/T/arduino/cores/arduino_samd_mkrwifi1010_51b685d58ac095114e1a263ef8786823/core.a(wiring_digital.c.o)
 .debug_ranges  0x0000000000000000       0x20 /private/var/folders/nd/95n05jsj20g63nqfm1vz_vkm0000gn/T/arduino/cores/arduino_samd_mkrwifi1010_51b685d58ac095114e1a263ef8786823/core.a(wiring_digital.c.o)
 .debug_line    0x0000000000000000      0x578 /private/var/folders/nd/95n05jsj20g63nqfm1vz_vkm0000gn/T/arduino/cores/arduino_samd_mkrwifi1010_51b685d58ac095114e1a263ef8786823/core.a(wiring_digital.c.o)
 .debug_str     0x0000000000000000      0xfdf /private/var/folders/nd/95n05jsj20g63nqfm1vz_vkm0000gn/T/arduino/cores/arduino_samd_mkrwifi1010_51b685d58ac095114e1a263ef8786823/core.a(wiring_digital.c.o)
 .comment       0x0000000000000000       0x7f /private/var/folders/nd/95n05jsj20g63nqfm1vz_vkm0000gn/T/arduino/cores/arduino_samd_mkrwifi1010_51b685d58ac095114e1a263ef8786823/core.a(wiring_digital.c.o)
 .debug_frame   0x0000000000000000       0x64 /private/var/folders/nd/95n05jsj20g63nqfm1vz_vkm0000gn/T/arduino/cores/arduino_samd_mkrwifi1010_51b685d58ac095114e1a263ef8786823/core.a(wiring_digital.c.o)
 .ARM.attributes
                0x0000000000000000       0x32 /private/var/folders/nd/95n05jsj20g63nqfm1vz_vkm0000gn/T/arduino/cores/arduino_samd_mkrwifi1010_51b685d58ac095114e1a263ef8786823/core.a(wiring_digital.c.o)
 .text          0x0000000000000000        0x0 /private/var/folders/nd/95n05jsj20g63nqfm1vz_vkm0000gn/T/arduino/cores/arduino_samd_mkrwifi1010_51b685d58ac095114e1a263ef8786823/core.a(wiring_private.c.o)
 .data          0x0000000000000000        0x0 /private/var/folders/nd/95n05jsj20g63nqfm1vz_vkm0000gn/T/arduino/cores/arduino_samd_mkrwifi1010_51b685d58ac095114e1a263ef8786823/core.a(wiring_private.c.o)
 .bss           0x0000000000000000        0x0 /private/var/folders/nd/95n05jsj20g63nqfm1vz_vkm0000gn/T/arduino/cores/arduino_samd_mkrwifi1010_51b685d58ac095114e1a263ef8786823/core.a(wiring_private.c.o)
 .text.pinPeripheral
                0x0000000000000000       0xc0 /private/var/folders/nd/95n05jsj20g63nqfm1vz_vkm0000gn/T/arduino/cores/arduino_samd_mkrwifi1010_51b685d58ac095114e1a263ef8786823/core.a(wiring_private.c.o)
 .debug_info    0x0000000000000000     0x17e4 /private/var/folders/nd/95n05jsj20g63nqfm1vz_vkm0000gn/T/arduino/cores/arduino_samd_mkrwifi1010_51b685d58ac095114e1a263ef8786823/core.a(wiring_private.c.o)
 .debug_abbrev  0x0000000000000000      0x303 /private/var/folders/nd/95n05jsj20g63nqfm1vz_vkm0000gn/T/arduino/cores/arduino_samd_mkrwifi1010_51b685d58ac095114e1a263ef8786823/core.a(wiring_private.c.o)
 .debug_loc     0x0000000000000000      0x131 /private/var/folders/nd/95n05jsj20g63nqfm1vz_vkm0000gn/T/arduino/cores/arduino_samd_mkrwifi1010_51b685d58ac095114e1a263ef8786823/core.a(wiring_private.c.o)
 .debug_aranges
                0x0000000000000000       0x20 /private/var/folders/nd/95n05jsj20g63nqfm1vz_vkm0000gn/T/arduino/cores/arduino_samd_mkrwifi1010_51b685d58ac095114e1a263ef8786823/core.a(wiring_private.c.o)
 .debug_ranges  0x0000000000000000       0x38 /private/var/folders/nd/95n05jsj20g63nqfm1vz_vkm0000gn/T/arduino/cores/arduino_samd_mkrwifi1010_51b685d58ac095114e1a263ef8786823/core.a(wiring_private.c.o)
 .debug_line    0x0000000000000000      0x560 /private/var/folders/nd/95n05jsj20g63nqfm1vz_vkm0000gn/T/arduino/cores/arduino_samd_mkrwifi1010_51b685d58ac095114e1a263ef8786823/core.a(wiring_private.c.o)
 .debug_str     0x0000000000000000      0xf94 /private/var/folders/nd/95n05jsj20g63nqfm1vz_vkm0000gn/T/arduino/cores/arduino_samd_mkrwifi1010_51b685d58ac095114e1a263ef8786823/core.a(wiring_private.c.o)
 .comment       0x0000000000000000       0x7f /private/var/folders/nd/95n05jsj20g63nqfm1vz_vkm0000gn/T/arduino/cores/arduino_samd_mkrwifi1010_51b685d58ac095114e1a263ef8786823/core.a(wiring_private.c.o)
 .debug_frame   0x0000000000000000       0x30 /private/var/folders/nd/95n05jsj20g63nqfm1vz_vkm0000gn/T/arduino/cores/arduino_samd_mkrwifi1010_51b685d58ac095114e1a263ef8786823/core.a(wiring_private.c.o)
 .ARM.attributes
                0x0000000000000000       0x32 /private/var/folders/nd/95n05jsj20g63nqfm1vz_vkm0000gn/T/arduino/cores/arduino_samd_mkrwifi1010_51b685d58ac095114e1a263ef8786823/core.a(wiring_private.c.o)
 .text          0x0000000000000000        0x0 /private/var/folders/nd/95n05jsj20g63nqfm1vz_vkm0000gn/T/arduino/cores/arduino_samd_mkrwifi1010_51b685d58ac095114e1a263ef8786823/core.a(Reset.cpp.o)
 .data          0x0000000000000000        0x0 /private/var/folders/nd/95n05jsj20g63nqfm1vz_vkm0000gn/T/arduino/cores/arduino_samd_mkrwifi1010_51b685d58ac095114e1a263ef8786823/core.a(Reset.cpp.o)
 .bss           0x0000000000000000        0x0 /private/var/folders/nd/95n05jsj20g63nqfm1vz_vkm0000gn/T/arduino/cores/arduino_samd_mkrwifi1010_51b685d58ac095114e1a263ef8786823/core.a(Reset.cpp.o)
 .text.resetExternalChip
                0x0000000000000000        0x2 /private/var/folders/nd/95n05jsj20g63nqfm1vz_vkm0000gn/T/arduino/cores/arduino_samd_mkrwifi1010_51b685d58ac095114e1a263ef8786823/core.a(Reset.cpp.o)
 .text.initiateReset
                0x0000000000000000       0x14 /private/var/folders/nd/95n05jsj20g63nqfm1vz_vkm0000gn/T/arduino/cores/arduino_samd_mkrwifi1010_51b685d58ac095114e1a263ef8786823/core.a(Reset.cpp.o)
 .text.cancelReset
                0x0000000000000000       0x10 /private/var/folders/nd/95n05jsj20g63nqfm1vz_vkm0000gn/T/arduino/cores/arduino_samd_mkrwifi1010_51b685d58ac095114e1a263ef8786823/core.a(Reset.cpp.o)
 .text          0x0000000000000000       0x14 /Users/emilpriv/Library/Arduino15/packages/arduino/tools/arm-none-eabi-gcc/7-2017q4/bin/../lib/gcc/arm-none-eabi/7.2.1/thumb/v6-m/libgcc.a(_thumb1_case_uqi.o)
 .data          0x0000000000000000        0x0 /Users/emilpriv/Library/Arduino15/packages/arduino/tools/arm-none-eabi-gcc/7-2017q4/bin/../lib/gcc/arm-none-eabi/7.2.1/thumb/v6-m/libgcc.a(_thumb1_case_uqi.o)
 .bss           0x0000000000000000        0x0 /Users/emilpriv/Library/Arduino15/packages/arduino/tools/arm-none-eabi-gcc/7-2017q4/bin/../lib/gcc/arm-none-eabi/7.2.1/thumb/v6-m/libgcc.a(_thumb1_case_uqi.o)
 .ARM.attributes
                0x0000000000000000       0x1e /Users/emilpriv/Library/Arduino15/packages/arduino/tools/arm-none-eabi-gcc/7-2017q4/bin/../lib/gcc/arm-none-eabi/7.2.1/thumb/v6-m/libgcc.a(_thumb1_case_uqi.o)
 .text          0x0000000000000000      0x114 /Users/emilpriv/Library/Arduino15/packages/arduino/tools/arm-none-eabi-gcc/7-2017q4/bin/../lib/gcc/arm-none-eabi/7.2.1/thumb/v6-m/libgcc.a(_udivsi3.o)
 .data          0x0000000000000000        0x0 /Users/emilpriv/Library/Arduino15/packages/arduino/tools/arm-none-eabi-gcc/7-2017q4/bin/../lib/gcc/arm-none-eabi/7.2.1/thumb/v6-m/libgcc.a(_udivsi3.o)
 .bss           0x0000000000000000        0x0 /Users/emilpriv/Library/Arduino15/packages/arduino/tools/arm-none-eabi-gcc/7-2017q4/bin/../lib/gcc/arm-none-eabi/7.2.1/thumb/v6-m/libgcc.a(_udivsi3.o)
 .debug_frame   0x0000000000000000       0x20 /Users/emilpriv/Library/Arduino15/packages/arduino/tools/arm-none-eabi-gcc/7-2017q4/bin/../lib/gcc/arm-none-eabi/7.2.1/thumb/v6-m/libgcc.a(_udivsi3.o)
 .ARM.attributes
                0x0000000000000000       0x1e /Users/emilpriv/Library/Arduino15/packages/arduino/tools/arm-none-eabi-gcc/7-2017q4/bin/../lib/gcc/arm-none-eabi/7.2.1/thumb/v6-m/libgcc.a(_udivsi3.o)
 .text          0x0000000000000000        0x4 /Users/emilpriv/Library/Arduino15/packages/arduino/tools/arm-none-eabi-gcc/7-2017q4/bin/../lib/gcc/arm-none-eabi/7.2.1/thumb/v6-m/libgcc.a(_dvmd_tls.o)
 .data          0x0000000000000000        0x0 /Users/emilpriv/Library/Arduino15/packages/arduino/tools/arm-none-eabi-gcc/7-2017q4/bin/../lib/gcc/arm-none-eabi/7.2.1/thumb/v6-m/libgcc.a(_dvmd_tls.o)
 .bss           0x0000000000000000        0x0 /Users/emilpriv/Library/Arduino15/packages/arduino/tools/arm-none-eabi-gcc/7-2017q4/bin/../lib/gcc/arm-none-eabi/7.2.1/thumb/v6-m/libgcc.a(_dvmd_tls.o)
 .ARM.attributes
                0x0000000000000000       0x1e /Users/emilpriv/Library/Arduino15/packages/arduino/tools/arm-none-eabi-gcc/7-2017q4/bin/../lib/gcc/arm-none-eabi/7.2.1/thumb/v6-m/libgcc.a(_dvmd_tls.o)
 .text          0x0000000000000000        0x0 /Users/emilpriv/Library/Arduino15/packages/arduino/tools/arm-none-eabi-gcc/7-2017q4/bin/../lib/gcc/arm-none-eabi/7.2.1/../../../../arm-none-eabi/lib/thumb/v6-m/libc_nano.a(lib_a-exit.o)
 .data          0x0000000000000000        0x0 /Users/emilpriv/Library/Arduino15/packages/arduino/tools/arm-none-eabi-gcc/7-2017q4/bin/../lib/gcc/arm-none-eabi/7.2.1/../../../../arm-none-eabi/lib/thumb/v6-m/libc_nano.a(lib_a-exit.o)
 .bss           0x0000000000000000        0x0 /Users/emilpriv/Library/Arduino15/packages/arduino/tools/arm-none-eabi-gcc/7-2017q4/bin/../lib/gcc/arm-none-eabi/7.2.1/../../../../arm-none-eabi/lib/thumb/v6-m/libc_nano.a(lib_a-exit.o)
 .text.exit     0x0000000000000000       0x2c /Users/emilpriv/Library/Arduino15/packages/arduino/tools/arm-none-eabi-gcc/7-2017q4/bin/../lib/gcc/arm-none-eabi/7.2.1/../../../../arm-none-eabi/lib/thumb/v6-m/libc_nano.a(lib_a-exit.o)
 .debug_frame   0x0000000000000000       0x28 /Users/emilpriv/Library/Arduino15/packages/arduino/tools/arm-none-eabi-gcc/7-2017q4/bin/../lib/gcc/arm-none-eabi/7.2.1/../../../../arm-none-eabi/lib/thumb/v6-m/libc_nano.a(lib_a-exit.o)
 .ARM.attributes
                0x0000000000000000       0x2c /Users/emilpriv/Library/Arduino15/packages/arduino/tools/arm-none-eabi-gcc/7-2017q4/bin/../lib/gcc/arm-none-eabi/7.2.1/../../../../arm-none-eabi/lib/thumb/v6-m/libc_nano.a(lib_a-exit.o)
 .text          0x0000000000000000        0x0 /Users/emilpriv/Library/Arduino15/packages/arduino/tools/arm-none-eabi-gcc/7-2017q4/bin/../lib/gcc/arm-none-eabi/7.2.1/../../../../arm-none-eabi/lib/thumb/v6-m/libc_nano.a(lib_a-impure.o)
 .data          0x0000000000000000        0x0 /Users/emilpriv/Library/Arduino15/packages/arduino/tools/arm-none-eabi-gcc/7-2017q4/bin/../lib/gcc/arm-none-eabi/7.2.1/../../../../arm-none-eabi/lib/thumb/v6-m/libc_nano.a(lib_a-impure.o)
 .bss           0x0000000000000000        0x0 /Users/emilpriv/Library/Arduino15/packages/arduino/tools/arm-none-eabi-gcc/7-2017q4/bin/../lib/gcc/arm-none-eabi/7.2.1/../../../../arm-none-eabi/lib/thumb/v6-m/libc_nano.a(lib_a-impure.o)
 .data._impure_ptr
                0x0000000000000000        0x4 /Users/emilpriv/Library/Arduino15/packages/arduino/tools/arm-none-eabi-gcc/7-2017q4/bin/../lib/gcc/arm-none-eabi/7.2.1/../../../../arm-none-eabi/lib/thumb/v6-m/libc_nano.a(lib_a-impure.o)
 .data.impure_data
                0x0000000000000000       0x60 /Users/emilpriv/Library/Arduino15/packages/arduino/tools/arm-none-eabi-gcc/7-2017q4/bin/../lib/gcc/arm-none-eabi/7.2.1/../../../../arm-none-eabi/lib/thumb/v6-m/libc_nano.a(lib_a-impure.o)
 .rodata._global_impure_ptr
                0x0000000000000000        0x4 /Users/emilpriv/Library/Arduino15/packages/arduino/tools/arm-none-eabi-gcc/7-2017q4/bin/../lib/gcc/arm-none-eabi/7.2.1/../../../../arm-none-eabi/lib/thumb/v6-m/libc_nano.a(lib_a-impure.o)
 .ARM.attributes
                0x0000000000000000       0x2c /Users/emilpriv/Library/Arduino15/packages/arduino/tools/arm-none-eabi-gcc/7-2017q4/bin/../lib/gcc/arm-none-eabi/7.2.1/../../../../arm-none-eabi/lib/thumb/v6-m/libc_nano.a(lib_a-impure.o)
 .text          0x0000000000000000        0x0 /Users/emilpriv/Library/Arduino15/packages/arduino/tools/arm-none-eabi-gcc/7-2017q4/bin/../lib/gcc/arm-none-eabi/7.2.1/../../../../arm-none-eabi/lib/thumb/v6-m/libc_nano.a(lib_a-init.o)
 .data          0x0000000000000000        0x0 /Users/emilpriv/Library/Arduino15/packages/arduino/tools/arm-none-eabi-gcc/7-2017q4/bin/../lib/gcc/arm-none-eabi/7.2.1/../../../../arm-none-eabi/lib/thumb/v6-m/libc_nano.a(lib_a-init.o)
 .bss           0x0000000000000000        0x0 /Users/emilpriv/Library/Arduino15/packages/arduino/tools/arm-none-eabi-gcc/7-2017q4/bin/../lib/gcc/arm-none-eabi/7.2.1/../../../../arm-none-eabi/lib/thumb/v6-m/libc_nano.a(lib_a-init.o)
 .text.__libc_init_array
                0x0000000000000000       0x48 /Users/emilpriv/Library/Arduino15/packages/arduino/tools/arm-none-eabi-gcc/7-2017q4/bin/../lib/gcc/arm-none-eabi/7.2.1/../../../../arm-none-eabi/lib/thumb/v6-m/libc_nano.a(lib_a-init.o)
 .debug_frame   0x0000000000000000       0x2c /Users/emilpriv/Library/Arduino15/packages/arduino/tools/arm-none-eabi-gcc/7-2017q4/bin/../lib/gcc/arm-none-eabi/7.2.1/../../../../arm-none-eabi/lib/thumb/v6-m/libc_nano.a(lib_a-init.o)
 .ARM.attributes
                0x0000000000000000       0x2c /Users/emilpriv/Library/Arduino15/packages/arduino/tools/arm-none-eabi-gcc/7-2017q4/bin/../lib/gcc/arm-none-eabi/7.2.1/../../../../arm-none-eabi/lib/thumb/v6-m/libc_nano.a(lib_a-init.o)
 .text          0x0000000000000000        0x0 /Users/emilpriv/Library/Arduino15/packages/arduino/tools/arm-none-eabi-gcc/7-2017q4/bin/../lib/gcc/arm-none-eabi/7.2.1/../../../../arm-none-eabi/lib/thumb/v6-m/libc_nano.a(lib_a-memcpy-stub.o)
 .data          0x0000000000000000        0x0 /Users/emilpriv/Library/Arduino15/packages/arduino/tools/arm-none-eabi-gcc/7-2017q4/bin/../lib/gcc/arm-none-eabi/7.2.1/../../../../arm-none-eabi/lib/thumb/v6-m/libc_nano.a(lib_a-memcpy-stub.o)
 .bss           0x0000000000000000        0x0 /Users/emilpriv/Library/Arduino15/packages/arduino/tools/arm-none-eabi-gcc/7-2017q4/bin/../lib/gcc/arm-none-eabi/7.2.1/../../../../arm-none-eabi/lib/thumb/v6-m/libc_nano.a(lib_a-memcpy-stub.o)
 .text.memcpy   0x0000000000000000       0x12 /Users/emilpriv/Library/Arduino15/packages/arduino/tools/arm-none-eabi-gcc/7-2017q4/bin/../lib/gcc/arm-none-eabi/7.2.1/../../../../arm-none-eabi/lib/thumb/v6-m/libc_nano.a(lib_a-memcpy-stub.o)
 .debug_frame   0x0000000000000000       0x28 /Users/emilpriv/Library/Arduino15/packages/arduino/tools/arm-none-eabi-gcc/7-2017q4/bin/../lib/gcc/arm-none-eabi/7.2.1/../../../../arm-none-eabi/lib/thumb/v6-m/libc_nano.a(lib_a-memcpy-stub.o)
 .ARM.attributes
                0x0000000000000000       0x2c /Users/emilpriv/Library/Arduino15/packages/arduino/tools/arm-none-eabi-gcc/7-2017q4/bin/../lib/gcc/arm-none-eabi/7.2.1/../../../../arm-none-eabi/lib/thumb/v6-m/libc_nano.a(lib_a-memcpy-stub.o)
 .text          0x0000000000000000        0x0 /Users/emilpriv/Library/Arduino15/packages/arduino/tools/arm-none-eabi-gcc/7-2017q4/bin/../lib/gcc/arm-none-eabi/7.2.1/../../../../arm-none-eabi/lib/thumb/v6-m/libc_nano.a(lib_a-memset.o)
 .data          0x0000000000000000        0x0 /Users/emilpriv/Library/Arduino15/packages/arduino/tools/arm-none-eabi-gcc/7-2017q4/bin/../lib/gcc/arm-none-eabi/7.2.1/../../../../arm-none-eabi/lib/thumb/v6-m/libc_nano.a(lib_a-memset.o)
 .bss           0x0000000000000000        0x0 /Users/emilpriv/Library/Arduino15/packages/arduino/tools/arm-none-eabi-gcc/7-2017q4/bin/../lib/gcc/arm-none-eabi/7.2.1/../../../../arm-none-eabi/lib/thumb/v6-m/libc_nano.a(lib_a-memset.o)
 .text.memset   0x0000000000000000       0x10 /Users/emilpriv/Library/Arduino15/packages/arduino/tools/arm-none-eabi-gcc/7-2017q4/bin/../lib/gcc/arm-none-eabi/7.2.1/../../../../arm-none-eabi/lib/thumb/v6-m/libc_nano.a(lib_a-memset.o)
 .debug_frame   0x0000000000000000       0x20 /Users/emilpriv/Library/Arduino15/packages/arduino/tools/arm-none-eabi-gcc/7-2017q4/bin/../lib/gcc/arm-none-eabi/7.2.1/../../../../arm-none-eabi/lib/thumb/v6-m/libc_nano.a(lib_a-memset.o)
 .ARM.attributes
                0x0000000000000000       0x2c /Users/emilpriv/Library/Arduino15/packages/arduino/tools/arm-none-eabi-gcc/7-2017q4/bin/../lib/gcc/arm-none-eabi/7.2.1/../../../../arm-none-eabi/lib/thumb/v6-m/libc_nano.a(lib_a-memset.o)
 .text          0x0000000000000000        0x0 /Users/emilpriv/Library/Arduino15/packages/arduino/tools/arm-none-eabi-gcc/7-2017q4/bin/../lib/gcc/arm-none-eabi/7.2.1/../../../../arm-none-eabi/lib/thumb/v6-m/libnosys.a(_exit.o)
 .data          0x0000000000000000        0x0 /Users/emilpriv/Library/Arduino15/packages/arduino/tools/arm-none-eabi-gcc/7-2017q4/bin/../lib/gcc/arm-none-eabi/7.2.1/../../../../arm-none-eabi/lib/thumb/v6-m/libnosys.a(_exit.o)
 .bss           0x0000000000000000        0x0 /Users/emilpriv/Library/Arduino15/packages/arduino/tools/arm-none-eabi-gcc/7-2017q4/bin/../lib/gcc/arm-none-eabi/7.2.1/../../../../arm-none-eabi/lib/thumb/v6-m/libnosys.a(_exit.o)
 .text._exit    0x0000000000000000        0x4 /Users/emilpriv/Library/Arduino15/packages/arduino/tools/arm-none-eabi-gcc/7-2017q4/bin/../lib/gcc/arm-none-eabi/7.2.1/../../../../arm-none-eabi/lib/thumb/v6-m/libnosys.a(_exit.o)
 .debug_frame   0x0000000000000000       0x20 /Users/emilpriv/Library/Arduino15/packages/arduino/tools/arm-none-eabi-gcc/7-2017q4/bin/../lib/gcc/arm-none-eabi/7.2.1/../../../../arm-none-eabi/lib/thumb/v6-m/libnosys.a(_exit.o)
 .ARM.attributes
                0x0000000000000000       0x2c /Users/emilpriv/Library/Arduino15/packages/arduino/tools/arm-none-eabi-gcc/7-2017q4/bin/../lib/gcc/arm-none-eabi/7.2.1/../../../../arm-none-eabi/lib/thumb/v6-m/libnosys.a(_exit.o)
 .text          0x0000000000000000        0x0 /Users/emilpriv/Library/Arduino15/packages/arduino/tools/arm-none-eabi-gcc/7-2017q4/bin/../lib/gcc/arm-none-eabi/7.2.1/thumb/v6-m/crtend.o
 .data          0x0000000000000000        0x0 /Users/emilpriv/Library/Arduino15/packages/arduino/tools/arm-none-eabi-gcc/7-2017q4/bin/../lib/gcc/arm-none-eabi/7.2.1/thumb/v6-m/crtend.o
 .bss           0x0000000000000000        0x0 /Users/emilpriv/Library/Arduino15/packages/arduino/tools/arm-none-eabi-gcc/7-2017q4/bin/../lib/gcc/arm-none-eabi/7.2.1/thumb/v6-m/crtend.o
 .text          0x0000000000000000        0x0 /Users/emilpriv/Library/Arduino15/packages/arduino/tools/arm-none-eabi-gcc/7-2017q4/bin/../lib/gcc/arm-none-eabi/7.2.1/thumb/v6-m/crtn.o
 .data          0x0000000000000000        0x0 /Users/emilpriv/Library/Arduino15/packages/arduino/tools/arm-none-eabi-gcc/7-2017q4/bin/../lib/gcc/arm-none-eabi/7.2.1/thumb/v6-m/crtn.o
 .bss           0x0000000000000000        0x0 /Users/emilpriv/Library/Arduino15/packages/arduino/tools/arm-none-eabi-gcc/7-2017q4/bin/../lib/gcc/arm-none-eabi/7.2.1/thumb/v6-m/crtn.o

Memory Configuration

Name             Origin             Length             Attributes
FLASH            0x0000000000002000 0x000000000003e000 xr
RAM              0x0000000020000000 0x0000000000008000 xrw
*default*        0x0000000000000000 0xffffffffffffffff

Linker script and memory map

LOAD /Users/emilpriv/Library/Arduino15/packages/arduino/tools/arm-none-eabi-gcc/7-2017q4/bin/../lib/gcc/arm-none-eabi/7.2.1/thumb/v6-m/crti.o
LOAD /Users/emilpriv/Library/Arduino15/packages/arduino/tools/arm-none-eabi-gcc/7-2017q4/bin/../lib/gcc/arm-none-eabi/7.2.1/thumb/v6-m/crtbegin.o
LOAD /Users/emilpriv/Library/Arduino15/packages/arduino/tools/arm-none-eabi-gcc/7-2017q4/bin/../lib/gcc/arm-none-eabi/7.2.1/../../../../arm-none-eabi/lib/thumb/v6-m/crt0.o
LOAD test.o
LOAD /Users/emilpriv/Library/Arduino15/packages/arduino/tools/CMSIS/4.5.0/CMSIS/Lib/GCC/libarm_cortexM0l_math.a
LOAD /Users/emilpriv/Library/Arduino15/packages/arduino/tools/arm-none-eabi-gcc/7-2017q4/bin/../lib/gcc/arm-none-eabi/7.2.1/../../../../arm-none-eabi/lib/thumb/v6-m/libm.a
LOAD /private/var/folders/nd/95n05jsj20g63nqfm1vz_vkm0000gn/T/arduino/cores/arduino_samd_mkrwifi1010_51b685d58ac095114e1a263ef8786823/core.a
START GROUP
LOAD /Users/emilpriv/Library/Arduino15/packages/arduino/tools/arm-none-eabi-gcc/7-2017q4/bin/../lib/gcc/arm-none-eabi/7.2.1/thumb/v6-m/libgcc.a
LOAD /Users/emilpriv/Library/Arduino15/packages/arduino/tools/arm-none-eabi-gcc/7-2017q4/bin/../lib/gcc/arm-none-eabi/7.2.1/../../../../arm-none-eabi/lib/thumb/v6-m/libc_nano.a
END GROUP
START GROUP
LOAD /Users/emilpriv/Library/Arduino15/packages/arduino/tools/arm-none-eabi-gcc/7-2017q4/bin/../lib/gcc/arm-none-eabi/7.2.1/thumb/v6-m/libgcc.a
LOAD /Users/emilpriv/Library/Arduino15/packages/arduino/tools/arm-none-eabi-gcc/7-2017q4/bin/../lib/gcc/arm-none-eabi/7.2.1/../../../../arm-none-eabi/lib/thumb/v6-m/libc_nano.a
LOAD /Users/emilpriv/Library/Arduino15/packages/arduino/tools/arm-none-eabi-gcc/7-2017q4/bin/../lib/gcc/arm-none-eabi/7.2.1/../../../../arm-none-eabi/lib/thumb/v6-m/libnosys.a
END GROUP
START GROUP
LOAD /Users/emilpriv/Library/Arduino15/packages/arduino/tools/arm-none-eabi-gcc/7-2017q4/bin/../lib/gcc/arm-none-eabi/7.2.1/thumb/v6-m/libgcc.a
LOAD /Users/emilpriv/Library/Arduino15/packages/arduino/tools/arm-none-eabi-gcc/7-2017q4/bin/../lib/gcc/arm-none-eabi/7.2.1/../../../../arm-none-eabi/lib/thumb/v6-m/libc_nano.a
LOAD /Users/emilpriv/Library/Arduino15/packages/arduino/tools/arm-none-eabi-gcc/7-2017q4/bin/../lib/gcc/arm-none-eabi/7.2.1/../../../../arm-none-eabi/lib/thumb/v6-m/libnosys.a
END GROUP
LOAD /Users/emilpriv/Library/Arduino15/packages/arduino/tools/arm-none-eabi-gcc/7-2017q4/bin/../lib/gcc/arm-none-eabi/7.2.1/thumb/v6-m/crtend.o
LOAD /Users/emilpriv/Library/Arduino15/packages/arduino/tools/arm-none-eabi-gcc/7-2017q4/bin/../lib/gcc/arm-none-eabi/7.2.1/thumb/v6-m/crtn.o

.text           0x0000000000002000      0x394
                0x0000000000002000                __text_start__ = .
 *(.sketch_boot)
                0x0000000000002000                . = ALIGN (0x2000)
 *(.isr_vector)
 .isr_vector    0x0000000000002000       0xb4 /private/var/folders/nd/95n05jsj20g63nqfm1vz_vkm0000gn/T/arduino/cores/arduino_samd_mkrwifi1010_51b685d58ac095114e1a263ef8786823/core.a(cortex_handlers.c.o)
                0x0000000000002000                exception_table
 *(.text*)
 .text          0x00000000000020b4       0x48 /Users/emilpriv/Library/Arduino15/packages/arduino/tools/arm-none-eabi-gcc/7-2017q4/bin/../lib/gcc/arm-none-eabi/7.2.1/thumb/v6-m/crtbegin.o
 .text          0x00000000000020fc       0x10 test.o
                0x00000000000020fc                main
 .text.Dummy_Handler
                0x000000000000210c        0x2 /private/var/folders/nd/95n05jsj20g63nqfm1vz_vkm0000gn/T/arduino/cores/arduino_samd_mkrwifi1010_51b685d58ac095114e1a263ef8786823/core.a(cortex_handlers.c.o)
                0x000000000000210c                SYSCTRL_Handler
                0x000000000000210c                HardFault_Handler
                0x000000000000210c                AC_Handler
                0x000000000000210c                PendSV_Handler
                0x000000000000210c                NMI_Handler
                0x000000000000210c                TC7_Handler
                0x000000000000210c                SERCOM1_Handler
                0x000000000000210c                ADC_Handler
                0x000000000000210c                TCC1_Handler
                0x000000000000210c                SERCOM2_Handler
                0x000000000000210c                TCC0_Handler
                0x000000000000210c                RTC_Handler
                0x000000000000210c                EIC_Handler
                0x000000000000210c                TC6_Handler
                0x000000000000210c                WDT_Handler
                0x000000000000210c                TC4_Handler
                0x000000000000210c                TC3_Handler
                0x000000000000210c                Dummy_Handler
                0x000000000000210c                PM_Handler
                0x000000000000210c                SERCOM5_Handler
                0x000000000000210c                SVC_Handler
                0x000000000000210c                TCC2_Handler
                0x000000000000210c                EVSYS_Handler
                0x000000000000210c                SERCOM3_Handler
                0x000000000000210c                SERCOM4_Handler
                0x000000000000210c                I2S_Handler
                0x000000000000210c                NVMCTRL_Handler
                0x000000000000210c                SERCOM0_Handler
                0x000000000000210c                DAC_Handler
                0x000000000000210c                PTC_Handler
                0x000000000000210c                DMAC_Handler
 *fill*         0x000000000000210e        0x2 
 .text.USB_Handler
                0x0000000000002110       0x14 /private/var/folders/nd/95n05jsj20g63nqfm1vz_vkm0000gn/T/arduino/cores/arduino_samd_mkrwifi1010_51b685d58ac095114e1a263ef8786823/core.a(cortex_handlers.c.o)
                0x0000000000002110                USB_Handler
 .text.Reset_Handler
                0x0000000000002124       0x54 /private/var/folders/nd/95n05jsj20g63nqfm1vz_vkm0000gn/T/arduino/cores/arduino_samd_mkrwifi1010_51b685d58ac095114e1a263ef8786823/core.a(cortex_handlers.c.o)
                0x0000000000002124                Reset_Handler
 .text.SysTick_Handler
                0x0000000000002178       0x10 /private/var/folders/nd/95n05jsj20g63nqfm1vz_vkm0000gn/T/arduino/cores/arduino_samd_mkrwifi1010_51b685d58ac095114e1a263ef8786823/core.a(cortex_handlers.c.o)
                0x0000000000002178                SysTick_Handler
 .text.SysTick_DefaultHandler
                0x0000000000002188       0x14 /private/var/folders/nd/95n05jsj20g63nqfm1vz_vkm0000gn/T/arduino/cores/arduino_samd_mkrwifi1010_51b685d58ac095114e1a263ef8786823/core.a(delay.c.o)
                0x0000000000002188                SysTick_DefaultHandler
 .text.__false  0x000000000000219c        0x4 /private/var/folders/nd/95n05jsj20g63nqfm1vz_vkm0000gn/T/arduino/cores/arduino_samd_mkrwifi1010_51b685d58ac095114e1a263ef8786823/core.a(hooks.c.o)
                0x000000000000219c                sysTickHook
 .text.SystemInit
                0x00000000000021a0      0x160 /private/var/folders/nd/95n05jsj20g63nqfm1vz_vkm0000gn/T/arduino/cores/arduino_samd_mkrwifi1010_51b685d58ac095114e1a263ef8786823/core.a(startup.c.o)
                0x00000000000021a0                SystemInit
 .text.tickReset
                0x0000000000002300       0x78 /private/var/folders/nd/95n05jsj20g63nqfm1vz_vkm0000gn/T/arduino/cores/arduino_samd_mkrwifi1010_51b685d58ac095114e1a263ef8786823/core.a(Reset.cpp.o)
                0x0000000000002300                tickReset
 *(.init)
 .init          0x0000000000002378        0x4 /Users/emilpriv/Library/Arduino15/packages/arduino/tools/arm-none-eabi-gcc/7-2017q4/bin/../lib/gcc/arm-none-eabi/7.2.1/thumb/v6-m/crti.o
                0x0000000000002378                _init
 .init          0x000000000000237c        0x8 /Users/emilpriv/Library/Arduino15/packages/arduino/tools/arm-none-eabi-gcc/7-2017q4/bin/../lib/gcc/arm-none-eabi/7.2.1/thumb/v6-m/crtn.o
 *(.fini)
 .fini          0x0000000000002384        0x4 /Users/emilpriv/Library/Arduino15/packages/arduino/tools/arm-none-eabi-gcc/7-2017q4/bin/../lib/gcc/arm-none-eabi/7.2.1/thumb/v6-m/crti.o
                0x0000000000002384                _fini
 .fini          0x0000000000002388        0x8 /Users/emilpriv/Library/Arduino15/packages/arduino/tools/arm-none-eabi-gcc/7-2017q4/bin/../lib/gcc/arm-none-eabi/7.2.1/thumb/v6-m/crtn.o
 *crtbegin.o(.ctors)
 *crtbegin?.o(.ctors)
 *(EXCLUDE_FILE(*crtend.o *crtend?.o) .ctors)
 *(SORT_BY_NAME(.ctors.*))
 *(.ctors)
 *crtbegin.o(.dtors)
 *crtbegin?.o(.dtors)
 *(EXCLUDE_FILE(*crtend.o *crtend?.o) .dtors)
 *(SORT_BY_NAME(.dtors.*))
 *(.dtors)
 *(.rodata*)
 *(.eh_frame*)
 .eh_frame      0x0000000000002390        0x0 /Users/emilpriv/Library/Arduino15/packages/arduino/tools/arm-none-eabi-gcc/7-2017q4/bin/../lib/gcc/arm-none-eabi/7.2.1/thumb/v6-m/crtbegin.o
 .eh_frame      0x0000000000002390        0x4 /Users/emilpriv/Library/Arduino15/packages/arduino/tools/arm-none-eabi-gcc/7-2017q4/bin/../lib/gcc/arm-none-eabi/7.2.1/thumb/v6-m/crtend.o

.glue_7         0x0000000000002394        0x0
 .glue_7        0x0000000000002394        0x0 linker stubs

.glue_7t        0x0000000000002394        0x0
 .glue_7t       0x0000000000002394        0x0 linker stubs

.vfp11_veneer   0x0000000000002394        0x0
 .vfp11_veneer  0x0000000000002394        0x0 linker stubs

.v4_bx          0x0000000000002394        0x0
 .v4_bx         0x0000000000002394        0x0 linker stubs

.iplt           0x0000000000002394        0x0
 .iplt          0x0000000000002394        0x0 /Users/emilpriv/Library/Arduino15/packages/arduino/tools/arm-none-eabi-gcc/7-2017q4/bin/../lib/gcc/arm-none-eabi/7.2.1/thumb/v6-m/crtbegin.o

.rel.dyn        0x0000000000002394        0x0
 .rel.iplt      0x0000000000002394        0x0 /Users/emilpriv/Library/Arduino15/packages/arduino/tools/arm-none-eabi-gcc/7-2017q4/bin/../lib/gcc/arm-none-eabi/7.2.1/thumb/v6-m/crtbegin.o

.ARM.extab
 *(.ARM.extab* .gnu.linkonce.armextab.*)
                0x0000000000002394                __exidx_start = .

.ARM.exidx
 *(.ARM.exidx* .gnu.linkonce.armexidx.*)
                0x0000000000002394                __exidx_end = .
                0x0000000000002394                __etext = .

.data           0x0000000020000000       0x10 load address 0x0000000000002394
                0x0000000020000000                __data_start__ = .
 *(vtable)
 *(.data*)
 .data.SystemCoreClock
                0x0000000020000000        0x4 /private/var/folders/nd/95n05jsj20g63nqfm1vz_vkm0000gn/T/arduino/cores/arduino_samd_mkrwifi1010_51b685d58ac095114e1a263ef8786823/core.a(wiring.c.o)
                0x0000000020000000                SystemCoreClock
 .data._ZL5ticks
                0x0000000020000004        0x4 /private/var/folders/nd/95n05jsj20g63nqfm1vz_vkm0000gn/T/arduino/cores/arduino_samd_mkrwifi1010_51b685d58ac095114e1a263ef8786823/core.a(Reset.cpp.o)
                0x0000000020000008                . = ALIGN (0x4)
                0x0000000020000008                PROVIDE (__preinit_array_start, .)
 *(.preinit_array)
                0x0000000020000008                PROVIDE (__preinit_array_end, .)
                0x0000000020000008                . = ALIGN (0x4)
                0x0000000020000008                PROVIDE (__init_array_start, .)
 *(SORT_BY_NAME(.init_array.*))
 *(.init_array)
 .init_array    0x0000000020000008        0x4 /Users/emilpriv/Library/Arduino15/packages/arduino/tools/arm-none-eabi-gcc/7-2017q4/bin/../lib/gcc/arm-none-eabi/7.2.1/thumb/v6-m/crtbegin.o
                0x000000002000000c                PROVIDE (__init_array_end, .)
                0x000000002000000c                . = ALIGN (0x4)
                [!provide]                        PROVIDE (__fini_array_start, .)
 *(SORT_BY_NAME(.fini_array.*))
 *(.fini_array)
 .fini_array    0x000000002000000c        0x4 /Users/emilpriv/Library/Arduino15/packages/arduino/tools/arm-none-eabi-gcc/7-2017q4/bin/../lib/gcc/arm-none-eabi/7.2.1/thumb/v6-m/crtbegin.o
                [!provide]                        PROVIDE (__fini_array_end, .)
 *(.jcr*)
                0x0000000020000010                . = ALIGN (0x10)
                0x0000000020000010                __data_end__ = .

.igot.plt       0x0000000020000010        0x0 load address 0x00000000000023a4
 .igot.plt      0x0000000020000010        0x0 /Users/emilpriv/Library/Arduino15/packages/arduino/tools/arm-none-eabi-gcc/7-2017q4/bin/../lib/gcc/arm-none-eabi/7.2.1/thumb/v6-m/crtbegin.o

.bss            0x0000000020000010       0x24 load address 0x00000000000023a4
                0x0000000020000010                . = ALIGN (0x4)
                0x0000000020000010                __bss_start__ = .
 *(.bss*)
 .bss           0x0000000020000010       0x1c /Users/emilpriv/Library/Arduino15/packages/arduino/tools/arm-none-eabi-gcc/7-2017q4/bin/../lib/gcc/arm-none-eabi/7.2.1/thumb/v6-m/crtbegin.o
 .bss.usb_isr   0x000000002000002c        0x4 /private/var/folders/nd/95n05jsj20g63nqfm1vz_vkm0000gn/T/arduino/cores/arduino_samd_mkrwifi1010_51b685d58ac095114e1a263ef8786823/core.a(cortex_handlers.c.o)
 .bss._ulTickCount
                0x0000000020000030        0x4 /private/var/folders/nd/95n05jsj20g63nqfm1vz_vkm0000gn/T/arduino/cores/arduino_samd_mkrwifi1010_51b685d58ac095114e1a263ef8786823/core.a(delay.c.o)
 *(COMMON)
                0x0000000020000034                . = ALIGN (0x4)
                0x0000000020000034                __bss_end__ = .

.heap           0x0000000020000034        0x0
                0x0000000020000034                __end__ = .
                [!provide]                        PROVIDE (end, .)
 *(.heap*)
                0x0000000020000034                __HeapLimit = .

.stack_dummy    0x0000000020000034        0x0
 *(.stack*)
                0x0000000020008000                __StackTop = (ORIGIN (RAM) + LENGTH (RAM))
                0x0000000020008000                __StackLimit = (__StackTop - SIZEOF (.stack_dummy))
                0x0000000020008000                PROVIDE (__stack, __StackTop)
                0x0000000020007fff                __ram_end__ = ((ORIGIN (RAM) + LENGTH (RAM)) - 0x1)
                0x0000000000000001                ASSERT ((__StackLimit >= __HeapLimit), region RAM overflowed with stack)
OUTPUT(test.elf elf32-littlearm)

.ARM.attributes
                0x0000000000000000       0x28
 .ARM.attributes
                0x0000000000000000       0x1e /Users/emilpriv/Library/Arduino15/packages/arduino/tools/arm-none-eabi-gcc/7-2017q4/bin/../lib/gcc/arm-none-eabi/7.2.1/thumb/v6-m/crti.o
 .ARM.attributes
                0x000000000000001e       0x2c /Users/emilpriv/Library/Arduino15/packages/arduino/tools/arm-none-eabi-gcc/7-2017q4/bin/../lib/gcc/arm-none-eabi/7.2.1/thumb/v6-m/crtbegin.o
 .ARM.attributes
                0x000000000000004a       0x22 test.o
 .ARM.attributes
                0x000000000000006c       0x32 /private/var/folders/nd/95n05jsj20g63nqfm1vz_vkm0000gn/T/arduino/cores/arduino_samd_mkrwifi1010_51b685d58ac095114e1a263ef8786823/core.a(cortex_handlers.c.o)
 .ARM.attributes
                0x000000000000009e       0x32 /private/var/folders/nd/95n05jsj20g63nqfm1vz_vkm0000gn/T/arduino/cores/arduino_samd_mkrwifi1010_51b685d58ac095114e1a263ef8786823/core.a(delay.c.o)
 .ARM.attributes
                0x00000000000000d0       0x32 /private/var/folders/nd/95n05jsj20g63nqfm1vz_vkm0000gn/T/arduino/cores/arduino_samd_mkrwifi1010_51b685d58ac095114e1a263ef8786823/core.a(hooks.c.o)
 .ARM.attributes
                0x0000000000000102       0x32 /private/var/folders/nd/95n05jsj20g63nqfm1vz_vkm0000gn/T/arduino/cores/arduino_samd_mkrwifi1010_51b685d58ac095114e1a263ef8786823/core.a(startup.c.o)
 .ARM.attributes
                0x0000000000000134       0x32 /private/var/folders/nd/95n05jsj20g63nqfm1vz_vkm0000gn/T/arduino/cores/arduino_samd_mkrwifi1010_51b685d58ac095114e1a263ef8786823/core.a(wiring.c.o)
 .ARM.attributes
                0x0000000000000166       0x32 /private/var/folders/nd/95n05jsj20g63nqfm1vz_vkm0000gn/T/arduino/cores/arduino_samd_mkrwifi1010_51b685d58ac095114e1a263ef8786823/core.a(Reset.cpp.o)
 .ARM.attributes
                0x0000000000000198       0x2c /Users/emilpriv/Library/Arduino15/packages/arduino/tools/arm-none-eabi-gcc/7-2017q4/bin/../lib/gcc/arm-none-eabi/7.2.1/thumb/v6-m/crtend.o
 .ARM.attributes
                0x00000000000001c4       0x1e /Users/emilpriv/Library/Arduino15/packages/arduino/tools/arm-none-eabi-gcc/7-2017q4/bin/../lib/gcc/arm-none-eabi/7.2.1/thumb/v6-m/crtn.o

.comment        0x0000000000000000       0x7e
 .comment       0x0000000000000000       0x7e /private/var/folders/nd/95n05jsj20g63nqfm1vz_vkm0000gn/T/arduino/cores/arduino_samd_mkrwifi1010_51b685d58ac095114e1a263ef8786823/core.a(cortex_handlers.c.o)
                                         0x7f (size before relaxing)
 .comment       0x000000000000007e       0x7f /private/var/folders/nd/95n05jsj20g63nqfm1vz_vkm0000gn/T/arduino/cores/arduino_samd_mkrwifi1010_51b685d58ac095114e1a263ef8786823/core.a(delay.c.o)
 .comment       0x000000000000007e       0x7f /private/var/folders/nd/95n05jsj20g63nqfm1vz_vkm0000gn/T/arduino/cores/arduino_samd_mkrwifi1010_51b685d58ac095114e1a263ef8786823/core.a(hooks.c.o)
 .comment       0x000000000000007e       0x7f /private/var/folders/nd/95n05jsj20g63nqfm1vz_vkm0000gn/T/arduino/cores/arduino_samd_mkrwifi1010_51b685d58ac095114e1a263ef8786823/core.a(startup.c.o)
 .comment       0x000000000000007e       0x7f /private/var/folders/nd/95n05jsj20g63nqfm1vz_vkm0000gn/T/arduino/cores/arduino_samd_mkrwifi1010_51b685d58ac095114e1a263ef8786823/core.a(wiring.c.o)
 .comment       0x000000000000007e       0x7f /private/var/folders/nd/95n05jsj20g63nqfm1vz_vkm0000gn/T/arduino/cores/arduino_samd_mkrwifi1010_51b685d58ac095114e1a263ef8786823/core.a(Reset.cpp.o)

.debug_info     0x0000000000000000     0xe9bc
 .debug_info    0x0000000000000000     0x10f3 /private/var/folders/nd/95n05jsj20g63nqfm1vz_vkm0000gn/T/arduino/cores/arduino_samd_mkrwifi1010_51b685d58ac095114e1a263ef8786823/core.a(cortex_handlers.c.o)
 .debug_info    0x00000000000010f3     0x13b9 /private/var/folders/nd/95n05jsj20g63nqfm1vz_vkm0000gn/T/arduino/cores/arduino_samd_mkrwifi1010_51b685d58ac095114e1a263ef8786823/core.a(delay.c.o)
 .debug_info    0x00000000000024ac       0x62 /private/var/folders/nd/95n05jsj20g63nqfm1vz_vkm0000gn/T/arduino/cores/arduino_samd_mkrwifi1010_51b685d58ac095114e1a263ef8786823/core.a(hooks.c.o)
 .debug_info    0x000000000000250e     0x34b5 /private/var/folders/nd/95n05jsj20g63nqfm1vz_vkm0000gn/T/arduino/cores/arduino_samd_mkrwifi1010_51b685d58ac095114e1a263ef8786823/core.a(startup.c.o)
 .debug_info    0x00000000000059c3     0x2d87 /private/var/folders/nd/95n05jsj20g63nqfm1vz_vkm0000gn/T/arduino/cores/arduino_samd_mkrwifi1010_51b685d58ac095114e1a263ef8786823/core.a(wiring.c.o)
 .debug_info    0x000000000000874a     0x6272 /private/var/folders/nd/95n05jsj20g63nqfm1vz_vkm0000gn/T/arduino/cores/arduino_samd_mkrwifi1010_51b685d58ac095114e1a263ef8786823/core.a(Reset.cpp.o)

.debug_abbrev   0x0000000000000000     0x12dd
 .debug_abbrev  0x0000000000000000      0x29a /private/var/folders/nd/95n05jsj20g63nqfm1vz_vkm0000gn/T/arduino/cores/arduino_samd_mkrwifi1010_51b685d58ac095114e1a263ef8786823/core.a(cortex_handlers.c.o)
 .debug_abbrev  0x000000000000029a      0x33c /private/var/folders/nd/95n05jsj20g63nqfm1vz_vkm0000gn/T/arduino/cores/arduino_samd_mkrwifi1010_51b685d58ac095114e1a263ef8786823/core.a(delay.c.o)
 .debug_abbrev  0x00000000000005d6       0x49 /private/var/folders/nd/95n05jsj20g63nqfm1vz_vkm0000gn/T/arduino/cores/arduino_samd_mkrwifi1010_51b685d58ac095114e1a263ef8786823/core.a(hooks.c.o)
 .debug_abbrev  0x000000000000061f      0x2ac /private/var/folders/nd/95n05jsj20g63nqfm1vz_vkm0000gn/T/arduino/cores/arduino_samd_mkrwifi1010_51b685d58ac095114e1a263ef8786823/core.a(startup.c.o)
 .debug_abbrev  0x00000000000008cb      0x3a1 /private/var/folders/nd/95n05jsj20g63nqfm1vz_vkm0000gn/T/arduino/cores/arduino_samd_mkrwifi1010_51b685d58ac095114e1a263ef8786823/core.a(wiring.c.o)
 .debug_abbrev  0x0000000000000c6c      0x671 /private/var/folders/nd/95n05jsj20g63nqfm1vz_vkm0000gn/T/arduino/cores/arduino_samd_mkrwifi1010_51b685d58ac095114e1a263ef8786823/core.a(Reset.cpp.o)

.debug_loc      0x0000000000000000      0x266
 .debug_loc     0x0000000000000000       0x3c /private/var/folders/nd/95n05jsj20g63nqfm1vz_vkm0000gn/T/arduino/cores/arduino_samd_mkrwifi1010_51b685d58ac095114e1a263ef8786823/core.a(cortex_handlers.c.o)
 .debug_loc     0x000000000000003c      0x12f /private/var/folders/nd/95n05jsj20g63nqfm1vz_vkm0000gn/T/arduino/cores/arduino_samd_mkrwifi1010_51b685d58ac095114e1a263ef8786823/core.a(delay.c.o)
 .debug_loc     0x000000000000016b       0x2e /private/var/folders/nd/95n05jsj20g63nqfm1vz_vkm0000gn/T/arduino/cores/arduino_samd_mkrwifi1010_51b685d58ac095114e1a263ef8786823/core.a(startup.c.o)
 .debug_loc     0x0000000000000199       0xa0 /private/var/folders/nd/95n05jsj20g63nqfm1vz_vkm0000gn/T/arduino/cores/arduino_samd_mkrwifi1010_51b685d58ac095114e1a263ef8786823/core.a(wiring.c.o)
 .debug_loc     0x0000000000000239       0x2d /private/var/folders/nd/95n05jsj20g63nqfm1vz_vkm0000gn/T/arduino/cores/arduino_samd_mkrwifi1010_51b685d58ac095114e1a263ef8786823/core.a(Reset.cpp.o)

.debug_aranges  0x0000000000000000      0x130
 .debug_aranges
                0x0000000000000000       0x40 /private/var/folders/nd/95n05jsj20g63nqfm1vz_vkm0000gn/T/arduino/cores/arduino_samd_mkrwifi1010_51b685d58ac095114e1a263ef8786823/core.a(cortex_handlers.c.o)
 .debug_aranges
                0x0000000000000040       0x48 /private/var/folders/nd/95n05jsj20g63nqfm1vz_vkm0000gn/T/arduino/cores/arduino_samd_mkrwifi1010_51b685d58ac095114e1a263ef8786823/core.a(delay.c.o)
 .debug_aranges
                0x0000000000000088       0x30 /private/var/folders/nd/95n05jsj20g63nqfm1vz_vkm0000gn/T/arduino/cores/arduino_samd_mkrwifi1010_51b685d58ac095114e1a263ef8786823/core.a(hooks.c.o)
 .debug_aranges
                0x00000000000000b8       0x20 /private/var/folders/nd/95n05jsj20g63nqfm1vz_vkm0000gn/T/arduino/cores/arduino_samd_mkrwifi1010_51b685d58ac095114e1a263ef8786823/core.a(startup.c.o)
 .debug_aranges
                0x00000000000000d8       0x20 /private/var/folders/nd/95n05jsj20g63nqfm1vz_vkm0000gn/T/arduino/cores/arduino_samd_mkrwifi1010_51b685d58ac095114e1a263ef8786823/core.a(wiring.c.o)
 .debug_aranges
                0x00000000000000f8       0x38 /private/var/folders/nd/95n05jsj20g63nqfm1vz_vkm0000gn/T/arduino/cores/arduino_samd_mkrwifi1010_51b685d58ac095114e1a263ef8786823/core.a(Reset.cpp.o)

.debug_ranges   0x0000000000000000      0x100
 .debug_ranges  0x0000000000000000       0x30 /private/var/folders/nd/95n05jsj20g63nqfm1vz_vkm0000gn/T/arduino/cores/arduino_samd_mkrwifi1010_51b685d58ac095114e1a263ef8786823/core.a(cortex_handlers.c.o)
 .debug_ranges  0x0000000000000030       0x38 /private/var/folders/nd/95n05jsj20g63nqfm1vz_vkm0000gn/T/arduino/cores/arduino_samd_mkrwifi1010_51b685d58ac095114e1a263ef8786823/core.a(delay.c.o)
 .debug_ranges  0x0000000000000068       0x20 /private/var/folders/nd/95n05jsj20g63nqfm1vz_vkm0000gn/T/arduino/cores/arduino_samd_mkrwifi1010_51b685d58ac095114e1a263ef8786823/core.a(hooks.c.o)
 .debug_ranges  0x0000000000000088       0x10 /private/var/folders/nd/95n05jsj20g63nqfm1vz_vkm0000gn/T/arduino/cores/arduino_samd_mkrwifi1010_51b685d58ac095114e1a263ef8786823/core.a(startup.c.o)
 .debug_ranges  0x0000000000000098       0x28 /private/var/folders/nd/95n05jsj20g63nqfm1vz_vkm0000gn/T/arduino/cores/arduino_samd_mkrwifi1010_51b685d58ac095114e1a263ef8786823/core.a(wiring.c.o)
 .debug_ranges  0x00000000000000c0       0x40 /private/var/folders/nd/95n05jsj20g63nqfm1vz_vkm0000gn/T/arduino/cores/arduino_samd_mkrwifi1010_51b685d58ac095114e1a263ef8786823/core.a(Reset.cpp.o)

.debug_line     0x0000000000000000     0x1d1b
 .debug_line    0x0000000000000000      0x3b7 /private/var/folders/nd/95n05jsj20g63nqfm1vz_vkm0000gn/T/arduino/cores/arduino_samd_mkrwifi1010_51b685d58ac095114e1a263ef8786823/core.a(cortex_handlers.c.o)
 .debug_line    0x00000000000003b7      0x620 /private/var/folders/nd/95n05jsj20g63nqfm1vz_vkm0000gn/T/arduino/cores/arduino_samd_mkrwifi1010_51b685d58ac095114e1a263ef8786823/core.a(delay.c.o)
 .debug_line    0x00000000000009d7       0xad /private/var/folders/nd/95n05jsj20g63nqfm1vz_vkm0000gn/T/arduino/cores/arduino_samd_mkrwifi1010_51b685d58ac095114e1a263ef8786823/core.a(hooks.c.o)
 .debug_line    0x0000000000000a84      0x490 /private/var/folders/nd/95n05jsj20g63nqfm1vz_vkm0000gn/T/arduino/cores/arduino_samd_mkrwifi1010_51b685d58ac095114e1a263ef8786823/core.a(startup.c.o)
 .debug_line    0x0000000000000f14      0x60e /private/var/folders/nd/95n05jsj20g63nqfm1vz_vkm0000gn/T/arduino/cores/arduino_samd_mkrwifi1010_51b685d58ac095114e1a263ef8786823/core.a(wiring.c.o)
 .debug_line    0x0000000000001522      0x7f9 /private/var/folders/nd/95n05jsj20g63nqfm1vz_vkm0000gn/T/arduino/cores/arduino_samd_mkrwifi1010_51b685d58ac095114e1a263ef8786823/core.a(Reset.cpp.o)

.debug_str      0x0000000000000000     0x534f
 .debug_str     0x0000000000000000      0xe59 /private/var/folders/nd/95n05jsj20g63nqfm1vz_vkm0000gn/T/arduino/cores/arduino_samd_mkrwifi1010_51b685d58ac095114e1a263ef8786823/core.a(cortex_handlers.c.o)
                                        0xf65 (size before relaxing)
 .debug_str     0x0000000000000e59      0x260 /private/var/folders/nd/95n05jsj20g63nqfm1vz_vkm0000gn/T/arduino/cores/arduino_samd_mkrwifi1010_51b685d58ac095114e1a263ef8786823/core.a(delay.c.o)
                                        0xe90 (size before relaxing)
 .debug_str     0x00000000000010b9       0x75 /private/var/folders/nd/95n05jsj20g63nqfm1vz_vkm0000gn/T/arduino/cores/arduino_samd_mkrwifi1010_51b685d58ac095114e1a263ef8786823/core.a(hooks.c.o)
                                        0x134 (size before relaxing)
 .debug_str     0x000000000000112e      0xa4d /private/var/folders/nd/95n05jsj20g63nqfm1vz_vkm0000gn/T/arduino/cores/arduino_samd_mkrwifi1010_51b685d58ac095114e1a263ef8786823/core.a(startup.c.o)
                                       0x16a2 (size before relaxing)
 .debug_str     0x0000000000001b7b      0x3ac /private/var/folders/nd/95n05jsj20g63nqfm1vz_vkm0000gn/T/arduino/cores/arduino_samd_mkrwifi1010_51b685d58ac095114e1a263ef8786823/core.a(wiring.c.o)
                                       0x177e (size before relaxing)
 .debug_str     0x0000000000001f27     0x3428 /private/var/folders/nd/95n05jsj20g63nqfm1vz_vkm0000gn/T/arduino/cores/arduino_samd_mkrwifi1010_51b685d58ac095114e1a263ef8786823/core.a(Reset.cpp.o)
                                       0x48c7 (size before relaxing)

.debug_frame    0x0000000000000000      0x210
 .debug_frame   0x0000000000000000       0x7c /private/var/folders/nd/95n05jsj20g63nqfm1vz_vkm0000gn/T/arduino/cores/arduino_samd_mkrwifi1010_51b685d58ac095114e1a263ef8786823/core.a(cortex_handlers.c.o)
 .debug_frame   0x000000000000007c       0xa0 /private/var/folders/nd/95n05jsj20g63nqfm1vz_vkm0000gn/T/arduino/cores/arduino_samd_mkrwifi1010_51b685d58ac095114e1a263ef8786823/core.a(delay.c.o)
 .debug_frame   0x000000000000011c       0x40 /private/var/folders/nd/95n05jsj20g63nqfm1vz_vkm0000gn/T/arduino/cores/arduino_samd_mkrwifi1010_51b685d58ac095114e1a263ef8786823/core.a(hooks.c.o)
 .debug_frame   0x000000000000015c       0x2c /private/var/folders/nd/95n05jsj20g63nqfm1vz_vkm0000gn/T/arduino/cores/arduino_samd_mkrwifi1010_51b685d58ac095114e1a263ef8786823/core.a(startup.c.o)
 .debug_frame   0x0000000000000188       0x28 /private/var/folders/nd/95n05jsj20g63nqfm1vz_vkm0000gn/T/arduino/cores/arduino_samd_mkrwifi1010_51b685d58ac095114e1a263ef8786823/core.a(wiring.c.o)
 .debug_frame   0x00000000000001b0       0x60 /private/var/folders/nd/95n05jsj20g63nqfm1vz_vkm0000gn/T/arduino/cores/arduino_samd_mkrwifi1010_51b685d58ac095114e1a263ef8786823/core.a(Reset.cpp.o)
